50:28  Error: 'setRecentProgress' is assigned a value but never used.  @typescript-eslint/no-unused-vars
52:12  Error: 'dataLoading' is assigned a value but never used.  @typescript-eslint/no-unused-vars
52:25  Error: 'setDataLoading' is assigned a value but never used.  @typescript-eslint/no-unused-vars
61:12  Error: 'errors' is assigned a value but never used.  @typescript-eslint/no-unused-vars
122:11  Error: 'addError' is assigned a value but never used.  @typescript-eslint/no-unused-vars
129:11  Error: 'LoadingSpinner' is assigned a value but never used.  @typescript-eslint/no-unused-vars
334:11  Error: 'getProgressColor' is assigned a value but never used.  @typescript-eslint/no-unused-vars
794:84  Error: 'index' is defined but never used.  @typescript-eslint/no-unused-vars
8:10  Error: 'Input' is defined but never used.  @typescript-eslint/no-unused-vars
22:5  Error: 'PiggyBank' is defined but never used.  @typescript-eslint/no-unused-vars
23:5  Error: 'CreditCard' is defined but never used.  @typescript-eslint/no-unused-vars
24:5  Error: 'Lightbulb' is defined but never used.  @typescript-eslint/no-unused-vars
25:5  Error: 'BarChart3' is defined but never used.  @typescript-eslint/no-unused-vars
26:5  Error: 'Wallet' is defined but never used.  @typescript-eslint/no-unused-vars
27:5  Error: 'Shield' is defined but never used.  @typescript-eslint/no-unused-vars
8:95  Error: 'Calendar' is defined but never used.  @typescript-eslint/no-unused-vars
8:105  Error: 'Tag' is defined but never used.  @typescript-eslint/no-unused-vars
9:10  Error: 'useState' is defined but never used.  @typescript-eslint/no-unused-vars
6:10  Error: 'Badge' is defined but never used.  @typescript-eslint/no-unused-vars
11:3  Error: 'Target' is defined but never used.  @typescript-eslint/no-unused-vars
13:3  Error: 'Award' is defined but never used.  @typescript-eslint/no-unused-vars
14:3  Error: 'ChevronRight' is defined but never used.  @typescript-eslint/no-unused-vars
15:3  Error: 'Play' is defined but never used.  @typescript-eslint/no-unused-vars
22:3  Error: 'MessageCircle' is defined but never used.  @typescript-eslint/no-unused-vars
23:3  Error: 'BarChart3' is defined but never used.  @typescript-eslint/no-unused-vars
26:10  Error: 'Card' is defined but never used.  @typescript-eslint/no-unused-vars
26:16  Error: 'CardContent' is defined but never used.  @typescript-eslint/no-unused-vars
26:29  Error: 'CardHeader' is defined but never used.  @typescript-eslint/no-unused-vars
26:41  Error: 'CardTitle' is defined but never used.  @typescript-eslint/no-unused-vars
29:10  Error: 'matrixEffect' is assigned a value but never used.  @typescript-eslint/no-unused-vars
31:9  Error: 'router' is assigned a value but never used.  @typescript-eslint/no-unused-vars
31:9  Error: 'sessionId' is defined but never used.  @typescript-eslint/no-unused-vars
119:56  Error: 'context' is defined but never used.  @typescript-eslint/no-unused-vars
235:18  Error: 'error' is defined but never used.  @typescript-eslint/no-unused-vars
366:15  Error: 'totalDebt' is assigned a value but never used.  @typescript-eslint/no-unused-vars
240:23  Error: Unexpected any. Specify a different type.  @typescript-eslint/no-explicit-any
632:25  Error: Unexpected any. Specify a different type.  @typescript-eslint/no-explicit-any
715:58  Error: Unexpected any. Specify a different type.  @typescript-eslint/no-explicit-any
737:61  Error: Unexpected any. Specify a different type.  @typescript-eslint/no-explicit-any
